../Core/Src/i2c_lcd.c:40:19:configure_i2c_lcd	24	static
../Core/Src/i2c_lcd.c:106:19:lcd_write	32	static
../Core/Src/i2c_lcd.c:112:19:lcd_writes	40	static
../Core/Src/i2c_lcd.c:131:19:lcd_clear	16	static
../Core/Src/i2c_lcd.c:138:19:ctrl_lcd_display	8	static
../Core/Src/i2c_lcd.c:145:19:ctrl_lcd_nodisplay	8	static
../Core/Src/i2c_lcd.c:152:19:ctrl_lcd_blink	8	static
../Core/Src/i2c_lcd.c:159:19:ctrl_lcd_noblink	8	static
../Core/Src/i2c_lcd.c:166:19:set_row_col	16	static
../Core/Src/i2c_lcd.c:177:26:command	32	static
