16:24:42 **** Incremental Build of configuration Debug for project i2c_HAL ****
make -j8 all 
arm-none-eabi-gcc "../Core/Src/main.c" -mcpu=cortex-m3 -std=gnu11 -g3 -DDEBUG -DUSE_HAL_DRIVER -DSTM32L152xE -c -I../Core/Inc -I../Drivers/STM32L1xx_HAL_Driver/Inc -I../Drivers/STM32L1xx_HAL_Driver/Inc/Legacy -I../Drivers/CMSIS/Device/ST/STM32L1xx/Include -I../Drivers/CMSIS/Include -O0 -ffunction-sections -fdata-sections -Wall -fstack-usage -fcyclomatic-complexity -MMD -MP -MF"Core/Src/main.d" -MT"Core/Src/main.o" --specs=nano.specs -mfloat-abi=soft -mthumb -o "Core/Src/main.o"
arm-none-eabi-gcc -o "i2c_HAL.elf" @"objects.list"   -mcpu=cortex-m3 -T"/home/lars/Documents/STM32/i2c_HAL/STM32L152RETX_FLASH.ld" --specs=nosys.specs -Wl,-Map="i2c_HAL.map" -Wl,--gc-sections -static --specs=nano.specs -mfloat-abi=soft -mthumb -Wl,--start-group -lc -lm -Wl,--end-group
Finished building target: i2c_HAL.elf
 
arm-none-eabi-size  i2c_HAL.elf 
arm-none-eabi-objdump -h -S i2c_HAL.elf  > "i2c_HAL.list"
   text	   data	    bss	    dec	    hex	filename
  18540	    100	   2236	  20876	   518c	i2c_HAL.elf
Finished building: default.size.stdout
 
Finished building: i2c_HAL.list
 
16:24:51 **** Incremental Build of configuration Debug for project i2c_HAL ****
make -j8 all 
arm-none-eabi-size  i2c_HAL.elf 
   text	   data	    bss	    dec	    hex	filename
  18540	    100	   2236	  20876	   518c	i2c_HAL.elf
Finished building: default.size.stdout
 
